Archive member included because of file (symbol)

c:/freescale/kds_v3/toolchain/bin/../lib/gcc/arm-none-eabi/4.8.4/armv6-m\libgcc.a(_udivsi3.o)
                              ./Project_Settings/Startup_Code/system_MKL25Z4.o (__aeabi_uidiv)
c:/freescale/kds_v3/toolchain/bin/../lib/gcc/arm-none-eabi/4.8.4/armv6-m\libgcc.a(_dvmd_tls.o)
                              c:/freescale/kds_v3/toolchain/bin/../lib/gcc/arm-none-eabi/4.8.4/armv6-m\libgcc.a(_udivsi3.o) (__aeabi_idiv0)
c:/freescale/kds_v3/toolchain/bin/../lib/gcc/arm-none-eabi/4.8.4/../../../../arm-none-eabi/lib/armv6-m\libg_s.a(lib_a-exit.o)
                              c:/freescale/kds_v3/toolchain/bin/../lib/gcc/arm-none-eabi/4.8.4/../../../../arm-none-eabi/lib/armv6-m/crt0.o (exit)
c:/freescale/kds_v3/toolchain/bin/../lib/gcc/arm-none-eabi/4.8.4/../../../../arm-none-eabi/lib/armv6-m\libg_s.a(lib_a-impure.o)
                              c:/freescale/kds_v3/toolchain/bin/../lib/gcc/arm-none-eabi/4.8.4/../../../../arm-none-eabi/lib/armv6-m\libg_s.a(lib_a-exit.o) (_global_impure_ptr)
c:/freescale/kds_v3/toolchain/bin/../lib/gcc/arm-none-eabi/4.8.4/../../../../arm-none-eabi/lib/armv6-m\libg_s.a(lib_a-init.o)
                              c:/freescale/kds_v3/toolchain/bin/../lib/gcc/arm-none-eabi/4.8.4/../../../../arm-none-eabi/lib/armv6-m/crt0.o (__libc_init_array)
c:/freescale/kds_v3/toolchain/bin/../lib/gcc/arm-none-eabi/4.8.4/../../../../arm-none-eabi/lib/armv6-m\libg_s.a(lib_a-memset.o)
                              c:/freescale/kds_v3/toolchain/bin/../lib/gcc/arm-none-eabi/4.8.4/../../../../arm-none-eabi/lib/armv6-m/crt0.o (memset)
c:/freescale/kds_v3/toolchain/bin/../lib/gcc/arm-none-eabi/4.8.4/../../../../arm-none-eabi/lib/armv6-m\libnosys.a(_exit.o)
                              c:/freescale/kds_v3/toolchain/bin/../lib/gcc/arm-none-eabi/4.8.4/../../../../arm-none-eabi/lib/armv6-m\libg_s.a(lib_a-exit.o) (_exit)

Discarded input sections

 .text          0x00000000        0x0 c:/freescale/kds_v3/toolchain/bin/../lib/gcc/arm-none-eabi/4.8.4/armv6-m/crti.o
 .data          0x00000000        0x0 c:/freescale/kds_v3/toolchain/bin/../lib/gcc/arm-none-eabi/4.8.4/armv6-m/crti.o
 .bss           0x00000000        0x0 c:/freescale/kds_v3/toolchain/bin/../lib/gcc/arm-none-eabi/4.8.4/armv6-m/crti.o
 .data          0x00000000        0x4 c:/freescale/kds_v3/toolchain/bin/../lib/gcc/arm-none-eabi/4.8.4/armv6-m/crtbegin.o
 .data          0x00000000        0x0 c:/freescale/kds_v3/toolchain/bin/../lib/gcc/arm-none-eabi/4.8.4/../../../../arm-none-eabi/lib/armv6-m/crt0.o
 .bss           0x00000000        0x0 c:/freescale/kds_v3/toolchain/bin/../lib/gcc/arm-none-eabi/4.8.4/../../../../arm-none-eabi/lib/armv6-m/crt0.o
 .ARM.extab     0x00000000        0x0 c:/freescale/kds_v3/toolchain/bin/../lib/gcc/arm-none-eabi/4.8.4/../../../../arm-none-eabi/lib/armv6-m/crt0.o
 .group         0x00000000        0x8 ./Sources/dma.o
 .group         0x00000000        0x8 ./Sources/dma.o
 .group         0x00000000        0x8 ./Sources/dma.o
 .group         0x00000000        0x8 ./Sources/dma.o
 .group         0x00000000        0x8 ./Sources/dma.o
 .group         0x00000000        0x8 ./Sources/dma.o
 .group         0x00000000        0x8 ./Sources/dma.o
 .group         0x00000000        0x8 ./Sources/dma.o
 .group         0x00000000        0x8 ./Sources/dma.o
 .group         0x00000000        0x8 ./Sources/dma.o
 .group         0x00000000        0x8 ./Sources/dma.o
 .group         0x00000000        0x8 ./Sources/dma.o
 .text          0x00000000        0x0 ./Sources/dma.o
 .data          0x00000000        0x0 ./Sources/dma.o
 .bss           0x00000000        0x0 ./Sources/dma.o
 .text.my_memmove
                0x00000000      0x28c ./Sources/dma.o
 .text.mem_set  0x00000000      0x100 ./Sources/dma.o
 .text.mem_zero
                0x00000000       0xf4 ./Sources/dma.o
 .data          0x00000000        0x0 ./Project_Settings/Startup_Code/startup_MKL25Z4.o
 .bss           0x00000000        0x0 ./Project_Settings/Startup_Code/startup_MKL25Z4.o
 .group         0x00000000        0x8 ./Project_Settings/Startup_Code/system_MKL25Z4.o
 .group         0x00000000        0x8 ./Project_Settings/Startup_Code/system_MKL25Z4.o
 .group         0x00000000        0x8 ./Project_Settings/Startup_Code/system_MKL25Z4.o
 .group         0x00000000        0x8 ./Project_Settings/Startup_Code/system_MKL25Z4.o
 .group         0x00000000        0x8 ./Project_Settings/Startup_Code/system_MKL25Z4.o
 .group         0x00000000        0x8 ./Project_Settings/Startup_Code/system_MKL25Z4.o
 .group         0x00000000        0x8 ./Project_Settings/Startup_Code/system_MKL25Z4.o
 .group         0x00000000        0x8 ./Project_Settings/Startup_Code/system_MKL25Z4.o
 .group         0x00000000        0x8 ./Project_Settings/Startup_Code/system_MKL25Z4.o
 .group         0x00000000        0x8 ./Project_Settings/Startup_Code/system_MKL25Z4.o
 .text          0x00000000        0x0 ./Project_Settings/Startup_Code/system_MKL25Z4.o
 .data          0x00000000        0x0 ./Project_Settings/Startup_Code/system_MKL25Z4.o
 .bss           0x00000000        0x0 ./Project_Settings/Startup_Code/system_MKL25Z4.o
 .data.SystemCoreClock
                0x00000000        0x4 ./Project_Settings/Startup_Code/system_MKL25Z4.o
 .text.SystemCoreClockUpdate
                0x00000000      0x23c ./Project_Settings/Startup_Code/system_MKL25Z4.o
 .debug_macro   0x00000000      0x802 ./Project_Settings/Startup_Code/system_MKL25Z4.o
 .debug_macro   0x00000000       0x16 ./Project_Settings/Startup_Code/system_MKL25Z4.o
 .debug_macro   0x00000000       0x44 ./Project_Settings/Startup_Code/system_MKL25Z4.o
 .debug_macro   0x00000000      0x209 ./Project_Settings/Startup_Code/system_MKL25Z4.o
 .debug_macro   0x00000000       0x3a ./Project_Settings/Startup_Code/system_MKL25Z4.o
 .debug_macro   0x00000000       0x26 ./Project_Settings/Startup_Code/system_MKL25Z4.o
 .debug_macro   0x00000000      0x306 ./Project_Settings/Startup_Code/system_MKL25Z4.o
 .debug_macro   0x00000000       0x63 ./Project_Settings/Startup_Code/system_MKL25Z4.o
 .debug_macro   0x00000000     0x839f ./Project_Settings/Startup_Code/system_MKL25Z4.o
 .text          0x00000000       0x9c c:/freescale/kds_v3/toolchain/bin/../lib/gcc/arm-none-eabi/4.8.4/armv6-m\libgcc.a(_udivsi3.o)
 .data          0x00000000        0x0 c:/freescale/kds_v3/toolchain/bin/../lib/gcc/arm-none-eabi/4.8.4/armv6-m\libgcc.a(_udivsi3.o)
 .bss           0x00000000        0x0 c:/freescale/kds_v3/toolchain/bin/../lib/gcc/arm-none-eabi/4.8.4/armv6-m\libgcc.a(_udivsi3.o)
 .debug_frame   0x00000000       0x20 c:/freescale/kds_v3/toolchain/bin/../lib/gcc/arm-none-eabi/4.8.4/armv6-m\libgcc.a(_udivsi3.o)
 .ARM.attributes
                0x00000000       0x1e c:/freescale/kds_v3/toolchain/bin/../lib/gcc/arm-none-eabi/4.8.4/armv6-m\libgcc.a(_udivsi3.o)
 .text          0x00000000        0x4 c:/freescale/kds_v3/toolchain/bin/../lib/gcc/arm-none-eabi/4.8.4/armv6-m\libgcc.a(_dvmd_tls.o)
 .data          0x00000000        0x0 c:/freescale/kds_v3/toolchain/bin/../lib/gcc/arm-none-eabi/4.8.4/armv6-m\libgcc.a(_dvmd_tls.o)
 .bss           0x00000000        0x0 c:/freescale/kds_v3/toolchain/bin/../lib/gcc/arm-none-eabi/4.8.4/armv6-m\libgcc.a(_dvmd_tls.o)
 .ARM.attributes
                0x00000000       0x1e c:/freescale/kds_v3/toolchain/bin/../lib/gcc/arm-none-eabi/4.8.4/armv6-m\libgcc.a(_dvmd_tls.o)
 .text          0x00000000        0x0 c:/freescale/kds_v3/toolchain/bin/../lib/gcc/arm-none-eabi/4.8.4/../../../../arm-none-eabi/lib/armv6-m\libg_s.a(lib_a-exit.o)
 .data          0x00000000        0x0 c:/freescale/kds_v3/toolchain/bin/../lib/gcc/arm-none-eabi/4.8.4/../../../../arm-none-eabi/lib/armv6-m\libg_s.a(lib_a-exit.o)
 .bss           0x00000000        0x0 c:/freescale/kds_v3/toolchain/bin/../lib/gcc/arm-none-eabi/4.8.4/../../../../arm-none-eabi/lib/armv6-m\libg_s.a(lib_a-exit.o)
 .text          0x00000000        0x0 c:/freescale/kds_v3/toolchain/bin/../lib/gcc/arm-none-eabi/4.8.4/../../../../arm-none-eabi/lib/armv6-m\libg_s.a(lib_a-impure.o)
 .data          0x00000000        0x0 c:/freescale/kds_v3/toolchain/bin/../lib/gcc/arm-none-eabi/4.8.4/../../../../arm-none-eabi/lib/armv6-m\libg_s.a(lib_a-impure.o)
 .bss           0x00000000        0x0 c:/freescale/kds_v3/toolchain/bin/../lib/gcc/arm-none-eabi/4.8.4/../../../../arm-none-eabi/lib/armv6-m\libg_s.a(lib_a-impure.o)
 .data._impure_ptr
                0x00000000        0x4 c:/freescale/kds_v3/toolchain/bin/../lib/gcc/arm-none-eabi/4.8.4/../../../../arm-none-eabi/lib/armv6-m\libg_s.a(lib_a-impure.o)
 .text          0x00000000        0x0 c:/freescale/kds_v3/toolchain/bin/../lib/gcc/arm-none-eabi/4.8.4/../../../../arm-none-eabi/lib/armv6-m\libg_s.a(lib_a-init.o)
 .data          0x00000000        0x0 c:/freescale/kds_v3/toolchain/bin/../lib/gcc/arm-none-eabi/4.8.4/../../../../arm-none-eabi/lib/armv6-m\libg_s.a(lib_a-init.o)
 .bss           0x00000000        0x0 c:/freescale/kds_v3/toolchain/bin/../lib/gcc/arm-none-eabi/4.8.4/../../../../arm-none-eabi/lib/armv6-m\libg_s.a(lib_a-init.o)
 .text          0x00000000        0x0 c:/freescale/kds_v3/toolchain/bin/../lib/gcc/arm-none-eabi/4.8.4/../../../../arm-none-eabi/lib/armv6-m\libg_s.a(lib_a-memset.o)
 .data          0x00000000        0x0 c:/freescale/kds_v3/toolchain/bin/../lib/gcc/arm-none-eabi/4.8.4/../../../../arm-none-eabi/lib/armv6-m\libg_s.a(lib_a-memset.o)
 .bss           0x00000000        0x0 c:/freescale/kds_v3/toolchain/bin/../lib/gcc/arm-none-eabi/4.8.4/../../../../arm-none-eabi/lib/armv6-m\libg_s.a(lib_a-memset.o)
 .text          0x00000000        0x0 c:/freescale/kds_v3/toolchain/bin/../lib/gcc/arm-none-eabi/4.8.4/../../../../arm-none-eabi/lib/armv6-m\libnosys.a(_exit.o)
 .data          0x00000000        0x0 c:/freescale/kds_v3/toolchain/bin/../lib/gcc/arm-none-eabi/4.8.4/../../../../arm-none-eabi/lib/armv6-m\libnosys.a(_exit.o)
 .bss           0x00000000        0x0 c:/freescale/kds_v3/toolchain/bin/../lib/gcc/arm-none-eabi/4.8.4/../../../../arm-none-eabi/lib/armv6-m\libnosys.a(_exit.o)
 .text          0x00000000        0x0 c:/freescale/kds_v3/toolchain/bin/../lib/gcc/arm-none-eabi/4.8.4/armv6-m/crtend.o
 .data          0x00000000        0x0 c:/freescale/kds_v3/toolchain/bin/../lib/gcc/arm-none-eabi/4.8.4/armv6-m/crtend.o
 .bss           0x00000000        0x0 c:/freescale/kds_v3/toolchain/bin/../lib/gcc/arm-none-eabi/4.8.4/armv6-m/crtend.o
 .eh_frame      0x00000000        0x4 c:/freescale/kds_v3/toolchain/bin/../lib/gcc/arm-none-eabi/4.8.4/armv6-m/crtend.o
 .text          0x00000000        0x0 c:/freescale/kds_v3/toolchain/bin/../lib/gcc/arm-none-eabi/4.8.4/armv6-m/crtn.o
 .data          0x00000000        0x0 c:/freescale/kds_v3/toolchain/bin/../lib/gcc/arm-none-eabi/4.8.4/armv6-m/crtn.o
 .bss           0x00000000        0x0 c:/freescale/kds_v3/toolchain/bin/../lib/gcc/arm-none-eabi/4.8.4/armv6-m/crtn.o

Memory Configuration

Name             Origin             Length             Attributes
m_interrupts     0x00000000         0x00000100         xr
m_flash_config   0x00000400         0x00000010         xr
m_text           0x00000410         0x0001fbf0         xr
m_data           0x1ffff000         0x00004000         rw
*default*        0x00000000         0xffffffff

Linker script and memory map

LOAD c:/freescale/kds_v3/toolchain/bin/../lib/gcc/arm-none-eabi/4.8.4/armv6-m/crti.o
LOAD c:/freescale/kds_v3/toolchain/bin/../lib/gcc/arm-none-eabi/4.8.4/armv6-m/crtbegin.o
LOAD c:/freescale/kds_v3/toolchain/bin/../lib/gcc/arm-none-eabi/4.8.4/../../../../arm-none-eabi/lib/armv6-m/crt0.o
LOAD ./Sources/dma.o
LOAD ./Project_Settings/Startup_Code/startup_MKL25Z4.o
LOAD ./Project_Settings/Startup_Code/system_MKL25Z4.o
LOAD c:/freescale/kds_v3/toolchain/bin/../lib/gcc/arm-none-eabi/4.8.4/../../../../arm-none-eabi/lib/armv6-m\libstdc++_s.a
LOAD c:/freescale/kds_v3/toolchain/bin/../lib/gcc/arm-none-eabi/4.8.4/../../../../arm-none-eabi/lib/armv6-m\libm.a
START GROUP
LOAD c:/freescale/kds_v3/toolchain/bin/../lib/gcc/arm-none-eabi/4.8.4/armv6-m\libgcc.a
LOAD c:/freescale/kds_v3/toolchain/bin/../lib/gcc/arm-none-eabi/4.8.4/../../../../arm-none-eabi/lib/armv6-m\libg_s.a
LOAD c:/freescale/kds_v3/toolchain/bin/../lib/gcc/arm-none-eabi/4.8.4/../../../../arm-none-eabi/lib/armv6-m\libc_s.a
END GROUP
START GROUP
LOAD c:/freescale/kds_v3/toolchain/bin/../lib/gcc/arm-none-eabi/4.8.4/armv6-m\libgcc.a
LOAD c:/freescale/kds_v3/toolchain/bin/../lib/gcc/arm-none-eabi/4.8.4/../../../../arm-none-eabi/lib/armv6-m\libc_s.a
LOAD c:/freescale/kds_v3/toolchain/bin/../lib/gcc/arm-none-eabi/4.8.4/../../../../arm-none-eabi/lib/armv6-m\libnosys.a
END GROUP
START GROUP
LOAD c:/freescale/kds_v3/toolchain/bin/../lib/gcc/arm-none-eabi/4.8.4/armv6-m\libgcc.a
LOAD c:/freescale/kds_v3/toolchain/bin/../lib/gcc/arm-none-eabi/4.8.4/../../../../arm-none-eabi/lib/armv6-m\libc_s.a
LOAD c:/freescale/kds_v3/toolchain/bin/../lib/gcc/arm-none-eabi/4.8.4/../../../../arm-none-eabi/lib/armv6-m\libnosys.a
END GROUP
LOAD c:/freescale/kds_v3/toolchain/bin/../lib/gcc/arm-none-eabi/4.8.4/armv6-m/crtend.o
LOAD c:/freescale/kds_v3/toolchain/bin/../lib/gcc/arm-none-eabi/4.8.4/armv6-m/crtn.o
                0x00000400                HEAP_SIZE = DEFINED (__heap_size__)?__heap_size__:0x400
                0x00000400                STACK_SIZE = DEFINED (__stack_size__)?__stack_size__:0x400

.interrupts     0x00000000       0xc0
                0x00000000                __VECTOR_TABLE = .
                0x00000000                . = ALIGN (0x4)
 *(.isr_vector)
 .isr_vector    0x00000000       0xc0 ./Project_Settings/Startup_Code/startup_MKL25Z4.o
                0x00000000                __isr_vector
                0x000000c0                . = ALIGN (0x4)

.flash_config   0x00000400       0x10
                0x00000400                . = ALIGN (0x4)
 *(.FlashConfig)
 .FlashConfig   0x00000400       0x10 ./Project_Settings/Startup_Code/startup_MKL25Z4.o
                0x00000410                . = ALIGN (0x4)

.text           0x00000410      0x1f4
                0x00000410                . = ALIGN (0x4)
 *(.text)
 .text          0x00000410       0x60 c:/freescale/kds_v3/toolchain/bin/../lib/gcc/arm-none-eabi/4.8.4/armv6-m/crtbegin.o
 .text          0x00000470       0x78 c:/freescale/kds_v3/toolchain/bin/../lib/gcc/arm-none-eabi/4.8.4/../../../../arm-none-eabi/lib/armv6-m/crt0.o
                0x00000470                _start
                0x00000470                _mainCRTStartup
 .text          0x000004e8       0x34 ./Project_Settings/Startup_Code/startup_MKL25Z4.o
                0x000004e8                Reset_Handler
                0x00000514                HardFault_Handler
                0x00000514                SysTick_Handler
                0x00000514                PendSV_Handler
                0x00000514                NMI_Handler
                0x00000514                I2C1_IRQHandler
                0x00000514                UART1_IRQHandler
                0x00000514                DMA2_IRQHandler
                0x00000514                TPM0_IRQHandler
                0x00000514                LLWU_IRQHandler
                0x00000514                TSI0_IRQHandler
                0x00000514                UART0_IRQHandler
                0x00000514                ADC0_IRQHandler
                0x00000514                Reserved39_IRQHandler
                0x00000514                SPI1_IRQHandler
                0x00000514                DefaultISR
                0x00000514                PORTD_IRQHandler
                0x00000514                TPM2_IRQHandler
                0x00000514                RTC_IRQHandler
                0x00000514                I2C0_IRQHandler
                0x00000514                RTC_Seconds_IRQHandler
                0x00000514                MCG_IRQHandler
                0x00000514                UART2_IRQHandler
                0x00000514                Reserved20_IRQHandler
                0x00000514                USB0_IRQHandler
                0x00000514                PIT_IRQHandler
                0x00000514                SVC_Handler
                0x00000514                DMA3_IRQHandler
                0x00000514                DAC0_IRQHandler
                0x00000514                Reserved45_IRQHandler
                0x00000514                TPM1_IRQHandler
                0x00000514                LVD_LVW_IRQHandler
                0x00000514                SPI0_IRQHandler
                0x00000514                PORTA_IRQHandler
                0x00000514                FTFA_IRQHandler
                0x00000514                LPTMR0_IRQHandler
                0x00000514                CMP0_IRQHandler
                0x00000514                DMA1_IRQHandler
 *(.text*)
 .text.DMA0_IRQHandler
                0x0000051c       0x24 ./Sources/dma.o
                0x0000051c                DMA0_IRQHandler
 .text.SystemInit
                0x00000540       0x18 ./Project_Settings/Startup_Code/system_MKL25Z4.o
                0x00000540                SystemInit
 .text.exit     0x00000558       0x2c c:/freescale/kds_v3/toolchain/bin/../lib/gcc/arm-none-eabi/4.8.4/../../../../arm-none-eabi/lib/armv6-m\libg_s.a(lib_a-exit.o)
                0x00000558                exit
 .text.__libc_init_array
                0x00000584       0x4c c:/freescale/kds_v3/toolchain/bin/../lib/gcc/arm-none-eabi/4.8.4/../../../../arm-none-eabi/lib/armv6-m\libg_s.a(lib_a-init.o)
                0x00000584                __libc_init_array
 .text.memset   0x000005d0       0x10 c:/freescale/kds_v3/toolchain/bin/../lib/gcc/arm-none-eabi/4.8.4/../../../../arm-none-eabi/lib/armv6-m\libg_s.a(lib_a-memset.o)
                0x000005d0                memset
 .text._exit    0x000005e0        0x4 c:/freescale/kds_v3/toolchain/bin/../lib/gcc/arm-none-eabi/4.8.4/../../../../arm-none-eabi/lib/armv6-m\libnosys.a(_exit.o)
                0x000005e0                _exit
 *(.rodata)
 *(.rodata*)
 .rodata.str1.1
                0x000005e4        0x2 c:/freescale/kds_v3/toolchain/bin/../lib/gcc/arm-none-eabi/4.8.4/../../../../arm-none-eabi/lib/armv6-m\libg_s.a(lib_a-impure.o)
 *fill*         0x000005e6        0x2 
 .rodata._global_impure_ptr
                0x000005e8        0x4 c:/freescale/kds_v3/toolchain/bin/../lib/gcc/arm-none-eabi/4.8.4/../../../../arm-none-eabi/lib/armv6-m\libg_s.a(lib_a-impure.o)
                0x000005e8                _global_impure_ptr
 *(.glue_7)
 .glue_7        0x00000000        0x0 linker stubs
 *(.glue_7t)
 .glue_7t       0x00000000        0x0 linker stubs
 *(.eh_frame)
 .eh_frame      0x000005ec        0x0 c:/freescale/kds_v3/toolchain/bin/../lib/gcc/arm-none-eabi/4.8.4/armv6-m/crtbegin.o
 *(.init)
 .init          0x000005ec        0x4 c:/freescale/kds_v3/toolchain/bin/../lib/gcc/arm-none-eabi/4.8.4/armv6-m/crti.o
                0x000005ec                _init
 .init          0x000005f0        0x8 c:/freescale/kds_v3/toolchain/bin/../lib/gcc/arm-none-eabi/4.8.4/armv6-m/crtn.o
 *(.fini)
 .fini          0x000005f8        0x4 c:/freescale/kds_v3/toolchain/bin/../lib/gcc/arm-none-eabi/4.8.4/armv6-m/crti.o
                0x000005f8                _fini
 .fini          0x000005fc        0x8 c:/freescale/kds_v3/toolchain/bin/../lib/gcc/arm-none-eabi/4.8.4/armv6-m/crtn.o
                0x00000604                . = ALIGN (0x4)

.vfp11_veneer   0x00000604        0x0
 .vfp11_veneer  0x00000000        0x0 linker stubs

.v4_bx          0x00000604        0x0
 .v4_bx         0x00000000        0x0 linker stubs

.iplt           0x00000604        0x0
 .iplt          0x00000000        0x0 c:/freescale/kds_v3/toolchain/bin/../lib/gcc/arm-none-eabi/4.8.4/armv6-m/crtbegin.o

.ARM.extab
 *(.ARM.extab* .gnu.linkonce.armextab.*)

.ARM            0x00000604        0x8
                0x00000604                __exidx_start = .
 *(.ARM.exidx*)
 .ARM.exidx     0x00000604        0x8 c:/freescale/kds_v3/toolchain/bin/../lib/gcc/arm-none-eabi/4.8.4/../../../../arm-none-eabi/lib/armv6-m/crt0.o
                0x0000060c                __exidx_end = .

.rel.dyn        0x0000060c        0x0
 .rel.iplt      0x00000000        0x0 c:/freescale/kds_v3/toolchain/bin/../lib/gcc/arm-none-eabi/4.8.4/armv6-m/crtbegin.o

.ctors          0x0000060c        0x0
                0x0000060c                __CTOR_LIST__ = .
 *crtbegin.o(.ctors)
 *crtbegin?.o(.ctors)
 *(EXCLUDE_FILE(*crtend.o *crtend?.o) .ctors)
 *(SORT(.ctors.*))
 *(.ctors)
                0x0000060c                __CTOR_END__ = .

.dtors          0x0000060c        0x0
                0x0000060c                __DTOR_LIST__ = .
 *crtbegin.o(.dtors)
 *crtbegin?.o(.dtors)
 *(EXCLUDE_FILE(*crtend.o *crtend?.o) .dtors)
 *(SORT(.dtors.*))
 *(.dtors)
                0x0000060c                __DTOR_END__ = .

.preinit_array  0x0000060c        0x0
                0x0000060c                PROVIDE (__preinit_array_start, .)
 *(.preinit_array*)
                0x0000060c                PROVIDE (__preinit_array_end, .)

.init_array     0x0000060c        0x4
                0x0000060c                PROVIDE (__init_array_start, .)
 *(SORT(.init_array.*))
 *(.init_array*)
 .init_array    0x0000060c        0x4 c:/freescale/kds_v3/toolchain/bin/../lib/gcc/arm-none-eabi/4.8.4/armv6-m/crtbegin.o
                0x00000610                PROVIDE (__init_array_end, .)

.fini_array     0x00000610        0x4
                0x00000610                PROVIDE (__fini_array_start, .)
 *(SORT(.fini_array.*))
 *(.fini_array*)
 .fini_array    0x00000610        0x4 c:/freescale/kds_v3/toolchain/bin/../lib/gcc/arm-none-eabi/4.8.4/armv6-m/crtbegin.o
                0x00000614                PROVIDE (__fini_array_end, .)
                0x00000614                __etext = .
                0x00000614                __DATA_ROM = .

.mtb            0x1ffff000        0x0
                0x1ffff000                . = ALIGN (0x8)
                0x1ffff000                _mtb_start = .
 *(.mtb_buf)
                0x1ffff000                . = ALIGN (0x8)
                0x1ffff000                _mtb_end = .

.data           0x1ffff000       0x64 load address 0x00000614
                0x1ffff000                . = ALIGN (0x4)
                0x1ffff000                __DATA_RAM = .
                0x1ffff000                __data_start__ = .
 *(.data)
 *(.data*)
 .data.impure_data
                0x1ffff000       0x60 c:/freescale/kds_v3/toolchain/bin/../lib/gcc/arm-none-eabi/4.8.4/../../../../arm-none-eabi/lib/armv6-m\libg_s.a(lib_a-impure.o)
 *(.jcr*)
 .jcr           0x1ffff060        0x0 c:/freescale/kds_v3/toolchain/bin/../lib/gcc/arm-none-eabi/4.8.4/armv6-m/crtbegin.o
 .jcr           0x1ffff060        0x4 c:/freescale/kds_v3/toolchain/bin/../lib/gcc/arm-none-eabi/4.8.4/armv6-m/crtend.o
                0x1ffff064                . = ALIGN (0x4)
                0x1ffff064                __data_end__ = .
                0x00000678                __DATA_END = (__DATA_ROM + (__data_end__ - __data_start__))

.igot.plt       0x1ffff064        0x0 load address 0x00000678
 .igot.plt      0x00000000        0x0 c:/freescale/kds_v3/toolchain/bin/../lib/gcc/arm-none-eabi/4.8.4/armv6-m/crtbegin.o

.bss            0x1ffff064       0x1c load address 0x00000678
                0x1ffff064                . = ALIGN (0x4)
                0x1ffff064                __START_BSS = .
                0x1ffff064                __bss_start__ = .
 *(.bss)
 .bss           0x1ffff064       0x1c c:/freescale/kds_v3/toolchain/bin/../lib/gcc/arm-none-eabi/4.8.4/armv6-m/crtbegin.o
 *(.bss*)
 *(COMMON)
                0x1ffff080                . = ALIGN (0x4)
                0x1ffff080                __bss_end__ = .
                0x1ffff080                __END_BSS = .

.heap           0x1ffff080      0x400 load address 0x00000694
                0x1ffff080                . = ALIGN (0x8)
                0x1ffff080                __end__ = .
                0x1ffff080                PROVIDE (end, .)
                0x1ffff080                __HeapBase = .
                0x1ffff480                . = (. + HEAP_SIZE)
 *fill*         0x1ffff080      0x400 
                0x1ffff480                __HeapLimit = .

.stack          0x1ffff480      0x400 load address 0x00000a94
                0x1ffff480                . = ALIGN (0x8)
                0x1ffff880                . = (. + STACK_SIZE)
 *fill*         0x1ffff480      0x400 
                0x20003000                __StackTop = (ORIGIN (m_data) + 0x4000)
                0x20002c00                __StackLimit = (__StackTop - STACK_SIZE)
                0x20003000                PROVIDE (__stack, __StackTop)

.ARM.attributes
                0x00000000       0x28
 *(.ARM.attributes)
 .ARM.attributes
                0x00000000       0x1e c:/freescale/kds_v3/toolchain/bin/../lib/gcc/arm-none-eabi/4.8.4/armv6-m/crti.o
 .ARM.attributes
                0x0000001e       0x2c c:/freescale/kds_v3/toolchain/bin/../lib/gcc/arm-none-eabi/4.8.4/armv6-m/crtbegin.o
 .ARM.attributes
                0x0000004a       0x1b c:/freescale/kds_v3/toolchain/bin/../lib/gcc/arm-none-eabi/4.8.4/../../../../arm-none-eabi/lib/armv6-m/crt0.o
 .ARM.attributes
                0x00000065       0x32 ./Sources/dma.o
 .ARM.attributes
                0x00000097       0x1b ./Project_Settings/Startup_Code/startup_MKL25Z4.o
 .ARM.attributes
                0x000000b2       0x32 ./Project_Settings/Startup_Code/system_MKL25Z4.o
 .ARM.attributes
                0x000000e4       0x2c c:/freescale/kds_v3/toolchain/bin/../lib/gcc/arm-none-eabi/4.8.4/../../../../arm-none-eabi/lib/armv6-m\libg_s.a(lib_a-exit.o)
 .ARM.attributes
                0x00000110       0x2c c:/freescale/kds_v3/toolchain/bin/../lib/gcc/arm-none-eabi/4.8.4/../../../../arm-none-eabi/lib/armv6-m\libg_s.a(lib_a-impure.o)
 .ARM.attributes
                0x0000013c       0x2c c:/freescale/kds_v3/toolchain/bin/../lib/gcc/arm-none-eabi/4.8.4/../../../../arm-none-eabi/lib/armv6-m\libg_s.a(lib_a-init.o)
 .ARM.attributes
                0x00000168       0x2c c:/freescale/kds_v3/toolchain/bin/../lib/gcc/arm-none-eabi/4.8.4/../../../../arm-none-eabi/lib/armv6-m\libg_s.a(lib_a-memset.o)
 .ARM.attributes
                0x00000194       0x2c c:/freescale/kds_v3/toolchain/bin/../lib/gcc/arm-none-eabi/4.8.4/../../../../arm-none-eabi/lib/armv6-m\libnosys.a(_exit.o)
 .ARM.attributes
                0x000001c0       0x2c c:/freescale/kds_v3/toolchain/bin/../lib/gcc/arm-none-eabi/4.8.4/armv6-m/crtend.o
 .ARM.attributes
                0x000001ec       0x1e c:/freescale/kds_v3/toolchain/bin/../lib/gcc/arm-none-eabi/4.8.4/armv6-m/crtn.o
                0x00000001                ASSERT ((__StackLimit >= __HeapLimit), region m_data overflowed with stack and heap)
OUTPUT(dma.elf elf32-littlearm)

.debug_info     0x00000000      0x9c4
 .debug_info    0x00000000      0x55a ./Sources/dma.o
 .debug_info    0x0000055a       0x7d ./Project_Settings/Startup_Code/startup_MKL25Z4.o
 .debug_info    0x000005d7      0x3ed ./Project_Settings/Startup_Code/system_MKL25Z4.o

.debug_abbrev   0x00000000      0x29a
 .debug_abbrev  0x00000000      0x17d ./Sources/dma.o
 .debug_abbrev  0x0000017d       0x14 ./Project_Settings/Startup_Code/startup_MKL25Z4.o
 .debug_abbrev  0x00000191      0x109 ./Project_Settings/Startup_Code/system_MKL25Z4.o

.debug_aranges  0x00000000       0x80
 .debug_aranges
                0x00000000       0x38 ./Sources/dma.o
 .debug_aranges
                0x00000038       0x20 ./Project_Settings/Startup_Code/startup_MKL25Z4.o
 .debug_aranges
                0x00000058       0x28 ./Project_Settings/Startup_Code/system_MKL25Z4.o

.debug_ranges   0x00000000       0x40
 .debug_ranges  0x00000000       0x28 ./Sources/dma.o
 .debug_ranges  0x00000028       0x18 ./Project_Settings/Startup_Code/system_MKL25Z4.o

.debug_macro    0x00000000     0x9506
 .debug_macro   0x00000000       0xb9 ./Sources/dma.o
 .debug_macro   0x000000b9      0x802 ./Sources/dma.o
 .debug_macro   0x000008bb       0x16 ./Sources/dma.o
 .debug_macro   0x000008d1       0x16 ./Sources/dma.o
 .debug_macro   0x000008e7       0x44 ./Sources/dma.o
 .debug_macro   0x0000092b      0x209 ./Sources/dma.o
 .debug_macro   0x00000b34       0x3a ./Sources/dma.o
 .debug_macro   0x00000b6e       0x3a ./Sources/dma.o
 .debug_macro   0x00000ba8       0x26 ./Sources/dma.o
 .debug_macro   0x00000bce      0x306 ./Sources/dma.o
 .debug_macro   0x00000ed4       0x63 ./Sources/dma.o
 .debug_macro   0x00000f37     0x839f ./Sources/dma.o
 .debug_macro   0x000092d6      0x166 ./Sources/dma.o
 .debug_macro   0x0000943c       0x7e ./Project_Settings/Startup_Code/system_MKL25Z4.o
 .debug_macro   0x000094ba       0x4c ./Project_Settings/Startup_Code/system_MKL25Z4.o

.debug_line     0x00000000      0x50f
 .debug_line    0x00000000      0x254 ./Sources/dma.o
 .debug_line    0x00000254       0x7b ./Project_Settings/Startup_Code/startup_MKL25Z4.o
 .debug_line    0x000002cf      0x240 ./Project_Settings/Startup_Code/system_MKL25Z4.o

.debug_str      0x00000000    0x31e57
 .debug_str     0x00000000    0x31dc0 ./Sources/dma.o
                              0x3223e (size before relaxing)
 .debug_str     0x00031dc0       0x97 ./Project_Settings/Startup_Code/system_MKL25Z4.o
                              0x31efb (size before relaxing)

.comment        0x00000000       0x70
 .comment       0x00000000       0x70 ./Sources/dma.o
                                 0x71 (size before relaxing)
 .comment       0x00000000       0x71 ./Project_Settings/Startup_Code/system_MKL25Z4.o

.debug_frame    0x00000000      0x16c
 .debug_frame   0x00000000       0x8c ./Sources/dma.o
 .debug_frame   0x0000008c       0x4c ./Project_Settings/Startup_Code/system_MKL25Z4.o
 .debug_frame   0x000000d8       0x28 c:/freescale/kds_v3/toolchain/bin/../lib/gcc/arm-none-eabi/4.8.4/../../../../arm-none-eabi/lib/armv6-m\libg_s.a(lib_a-exit.o)
 .debug_frame   0x00000100       0x2c c:/freescale/kds_v3/toolchain/bin/../lib/gcc/arm-none-eabi/4.8.4/../../../../arm-none-eabi/lib/armv6-m\libg_s.a(lib_a-init.o)
 .debug_frame   0x0000012c       0x20 c:/freescale/kds_v3/toolchain/bin/../lib/gcc/arm-none-eabi/4.8.4/../../../../arm-none-eabi/lib/armv6-m\libg_s.a(lib_a-memset.o)
 .debug_frame   0x0000014c       0x20 c:/freescale/kds_v3/toolchain/bin/../lib/gcc/arm-none-eabi/4.8.4/../../../../arm-none-eabi/lib/armv6-m\libnosys.a(_exit.o)
